cmap 0 180 180 180		# (BLK) color of most label text
cmap 1 162 48 48		# (RED) "Fail"
cmap 2 90 180 0		# (GRN) jobs 'Continue' button border color
cmap 3 255 255 0		# (YEL)
cmap 4 88 120 152		# (BLU) "Run" text heading colors, label colors ("Cpu Controls", etc)
cmap 5 180 0 180		# (MAG) LOGFILE: jobdonecommand.log, jobdumpcommand.log
cmap 6 0 180 180		# (CYN)
cmap 7 80 80 80		# (WHT) upper window + input bg color, header text color
cmap 8 100 100 100		# (MUTED BLK/DK GRY)
cmap 9 119 71 71		# (MUTED RED) dump/down/rm button bg color
cmap 10 80 130 80		# (MUTED GRN)
cmap 11 150 150 90		# (MUTED YEL)
cmap 12 110 123 145		# (MUTED BLU) column header bg color
cmap 13 150 90 150		# (MUTED MAG) color for the 'enabled' search box
cmap 14 90 150 150		# (MUTED CYN)
cmap 15 200 50  50		# "checks" in checkboxes (Edit|Preferences..)
cmap 32 3 3 3		# 24 level grayscale ramp
cmap 33 5 5 5
cmap 34 8 8 8
cmap 35 10 10 10
cmap 36 14 14 14
cmap 37 16 16 16
cmap 38 21 21 21
cmap 39 26 26 26
cmap 40 32 32 32
cmap 41 37 37 37
cmap 42 42 42 42
cmap 43 48 48 48
cmap 44 53 53 53
cmap 45 58 58 58
cmap 46 64 64 64
cmap 47 69 69 69
cmap 48 74 74 74
cmap 49 80 80 80
cmap 50 85 85 85
cmap 51 90 90 90
cmap 52 96 96 96
cmap 53 101 101 101
cmap 54 106 106 106
cmap 55 110 110 110		# BG COLOR FOR apply()ED MENU ITEMS (color #55 must have enough contrast from #56 to be readable)
cmap 56 150 150 150		# FG COLOR FOR MENU ITEMS          (color #56 must have enough contrast from #55 to be readable)
cmap 59 80 150 80		# "Done" green
cmap 63 0 180 0
cmap 71 0 180 0
cmap 88 180 0 0
cmap 90 180 80 40		# Die/Pause orange
cmap 91 180 120 0
cmap 94 150 110 20		# report button 'running a command'
cmap 95 120 120 36		# text apply()ion color (bg)
cmap 124 107 92 57		# "End" and "Add Nevercpu" button color (orange)
cmap 254 60 70 70           # bgcolor of 'current jobid' lines in tty browser
cmap 255 50 50 50
